Microchip MPLAB XC8 Compiler V3.00

Linker command line:

-W-3 --edf=/Applications/microchip/xc8/v3.00/pic/dat/20241204225717_en.msgs \
  -cn -h+dist/default/production/Washing_Machine.X.production.sym \
  --cmf=dist/default/production/Washing_Machine.X.production.cmf -z \
  -Q16F877A -o/tmp/xcc7NSPII/driver_tmp_3.o --defsym=__MPLAB_BUILD=1 \
  --fixupoverflow=error \
  -Mdist/default/production/Washing_Machine.X.production.map \
  --md=/tmp/xcc7NSPII/driver_tmp_0.dat -E1 -ver=XC8 Compiler \
  -ACODE=00h-07FFhx4 -ASTRCODE=00h-01FFFh -ASTRING=00h-0FFhx32 \
  -ACONST=00h-0FFhx32 -AENTRY=00h-0FFhx32 -ACOMMON=070h-07Fh \
  -ABANK0=020h-06Fh -ABANK1=0A0h-0EFh -ABANK2=0110h-016Fh \
  -ABANK3=0190h-01EFh -ARAM=020h-06Fh,0A0h-0EFh,0110h-016Fh,0190h-01EFh \
  -AABS1=020h-07Fh,0A0h-0EFh,0110h-016Fh,0190h-01EFh -ASFR0=00h-01Fh \
  -ASFR1=080h-09Fh -ASFR2=0100h-010Fh -ASFR3=0180h-018Fh \
  -ACONFIG=02007h-02007h -DCONFIG=2 -AIDLOC=02000h-02003h -DIDLOC=2 \
  -AEEDATA=00h-0FFh/02100h -peeprom_data=EEDATA -DEEDATA=2 -DCODE=2 \
  -DSTRCODE=2 -DSTRING=2 -DCONST=2 -DENTRY=2 \
  -preset_vec=00h,intentry=04h,sivt,init,end_init -ppowerup=CODE \
  -pcinit=CODE -pfunctab=ENTRY -k /tmp/xcc7NSPII/driver_tmp_12.o \
  dist/default/production/Washing_Machine.X.production.o 

Object code version is 3.11

Machine type is 16F877A



                Name                               Link     Load   Length Selector   Space Scale
/tmp/xcc7NSPII/driver_tmp_12.o
                end_init                              C        C        3        8       0
                reset_vec                             0        0        3        0       0
                config                             2007     2007        1        0       4
dist/default/production/Washing_Machine.X.production.o
                cinit                                 F        F       3F        8       0
                intentry                              4        4        8        8       0
                config                             2007     2007        1        0       4
                text27                             15F1     15F1       37     2BE2       0
                text26                             150A     150A       20     2A14       0
                text25                             1678     1678       57     2CF0       0
                text24                             1498     1498        B     2930       0
                text23                             1492     1492        6     2924       0
                text22                             14C7     14C7       14     298E       0
                text21                             14F0     14F0       1A     29E0       0
                text20                             15BE     15BE       33     2B7C       0
                text19                             14DB     14DB       15     29B6       0
                text18                             1791     1791       6F     2F22       0
                text17                             1628     1628       50     2C50       0
                text16                              800      800       65     1000       0
                text15                             16CF     16CF       57     2D9E       0
                text14                              8DB      8DB       A4     11B6       0
                text13                             1595     1595       29     2B2A       0
                text12                              41D      41D      342        8       0
                text11                              DA8      DA8      258     1B50       0
                text10                             154C     154C       24     2A98       0
                text9                               865      865       76     10CA       0
                text8                              1570     1570       25     2AE0       0
                text7                               97F      97F       B6     12FE       0
                text6                              14A3     14A3       11     2946       0
                text5                              1726     1726       6B     2E4C       0
                text4                                4E       4E      3CF        8       0
                text3                               C60      C60      148     18C0       0
                text2                               A35      A35      103     146A       0
                text1                               75F      75F       9F        8       0
                maintext                            B38      B38      128     1670       0
                cstackBANK0                          20       20       3F       20       1
                cstackCOMMON                         70       70        9       70       1
                cstackBANK1                          C2       C2        5       A0       1
                inittext                           14B4     14B4       13     2968       0
                dataBANK1                            A0       A0       22       A0       1
                bssBANK1                             C7       C7        2       A0       1
                dataBANK0                            6D       6D        2       20       1
                bssBANK0                             5F       5F        E       20       1
                dataCOMMON                           79       79        2       70       1
                bssCOMMON                            7B       7B        1       70       1
                stringtext                         1000     1000      175       20       0
                strings                            1175     1175       12     22EA       0
                idataBANK1                         152A     152A       22     2A54       0
                idataBANK0                         1490     1490        2     2920       0
                idataCOMMON                         7FE      7FE        2        8       0

TOTAL           Name                               Link     Load   Length     Space
        CLASS   CODE           
                end_init                              C        C        3         0
                cinit                                 F        F       3F         0
                intentry                              4        4        8         0
                reset_vec                             0        0        3         0
                text27                             15F1     15F1       37         0
                text26                             150A     150A       20         0
                text25                             1678     1678       57         0
                text24                             1498     1498        B         0
                text23                             1492     1492        6         0
                text22                             14C7     14C7       14         0
                text21                             14F0     14F0       1A         0
                text20                             15BE     15BE       33         0
                text19                             14DB     14DB       15         0
                text18                             1791     1791       6F         0
                text17                             1628     1628       50         0
                text16                              800      800       65         0
                text15                             16CF     16CF       57         0
                text14                              8DB      8DB       A4         0
                text13                             1595     1595       29         0
                text12                              41D      41D      342         0
                text11                              DA8      DA8      258         0
                text10                             154C     154C       24         0
                text9                               865      865       76         0
                text8                              1570     1570       25         0
                text7                               97F      97F       B6         0
                text6                              14A3     14A3       11         0
                text5                              1726     1726       6B         0
                text4                                4E       4E      3CF         0
                text3                               C60      C60      148         0
                text2                               A35      A35      103         0
                text1                               75F      75F       9F         0
                maintext                            B38      B38      128         0
                inittext                           14B4     14B4       13         0
                idataBANK1                         152A     152A       22         0
                idataBANK0                         1490     1490        2         0
                idataCOMMON                         7FE      7FE        2         0

        CLASS   STRCODE        
                stringtext                         1000     1000      175         0

        CLASS   STRING         
                strings                            1175     1175       12         0

        CLASS   CONST          

        CLASS   ENTRY          

        CLASS   COMMON         
                cstackCOMMON                         70       70        9         1
                dataCOMMON                           79       79        2         1
                bssCOMMON                            7B       7B        1         1

        CLASS   BANK0          
                cstackBANK0                          20       20       3F         1
                dataBANK0                            6D       6D        2         1
                bssBANK0                             5F       5F        E         1

        CLASS   BANK1          
                cstackBANK1                          C2       C2        5         1
                dataBANK1                            A0       A0       22         1
                bssBANK1                             C7       C7        2         1

        CLASS   BANK2          

        CLASS   BANK3          

        CLASS   RAM            

        CLASS   ABS1           
                abs_s1                               7E       7E        2         1

        CLASS   SFR0           

        CLASS   SFR1           

        CLASS   SFR2           

        CLASS   SFR3           

        CLASS   CONFIG         
                config                             2007     2007        1         4

        CLASS   IDLOC          

        CLASS   EEDATA         

        CLASS   HEAP           

        CLASS   STACK          



SEGMENTS        Name                           Load    Length   Top    Selector   Space  Class     Delta

                text27                         0015F1  000037  001628      2BE2       0  CODE        2
                text17                         001628  000050  001678      2C50       0  CODE        2
                text25                         001678  000057  0016CF      2CF0       0  CODE        2
                text8                          001570  000025  001595      2AE0       0  CODE        2
                text13                         001595  000029  0015BE      2B2A       0  CODE        2
                text20                         0015BE  000033  0015F1      2B7C       0  CODE        2
                text18                         001791  00006F  001800      2F22       0  CODE        2
                text9                          000865  000076  0008DB      10CA       0  CODE        2
                text14                         0008DB  0000A4  00097F      11B6       0  CODE        2
                text15                         0016CF  000057  001726      2D9E       0  CODE        2
                text16                         000800  000065  000865      1000       0  CODE        2
                text5                          001726  00006B  001791      2E4C       0  CODE        2
                text6                          0014A3  000011  0014B4      2946       0  CODE        2
                strings                        001175  000012  001187      22EA       0  STRING      2
                inittext                       0014B4  000013  0014C7      2968       0  CODE        2
                idataBANK0                     001490  000002  001492      2920       0  CODE        2
                text23                         001492  000006  001498      2924       0  CODE        2
                text24                         001498  00000B  0014A3      2930       0  CODE        2
                text26                         00150A  000020  00152A      2A14       0  CODE        2
                idataBANK1                     00152A  000022  00154C      2A54       0  CODE        2
                text10                         00154C  000024  001570      2A98       0  CODE        2
                text22                         0014C7  000014  0014DB      298E       0  CODE        2
                text19                         0014DB  000015  0014F0      29B6       0  CODE        2
                text21                         0014F0  00001A  00150A      29E0       0  CODE        2
                text7                          00097F  0000B6  000A35      12FE       0  CODE        2
                cstackBANK0                    000020  00004F  00006F        20       1  BANK0       1
                intentry                       000004  0007FC  000800         8       0  CODE        2
                reset_vec                      000000  000003  000003         0       0  CODE        2
                cstackCOMMON                   000070  00000C  00007C        70       1  COMMON      1
                text3                          000C60  000148  000DA8      18C0       0  CODE        2
                maintext                       000B38  000128  000C60      1670       0  CODE        2
                stringtext                     001000  000175  001175        20       0  STRCODE     2
                text2                          000A35  000103  000B38      146A       0  CODE        2
                dataBANK1                      0000A0  000029  0000C9        A0       1  BANK1       1
                text11                         000DA8  000258  001000      1B50       0  CODE        2


UNUSED ADDRESS RANGES

        Name                Unused          Largest block    Delta
        BANK0            006F-006F              1           1
        BANK1            00C9-00EF             27           1
        BANK2            0110-016F             60           1
        BANK3            0190-01EF             60           1
        CODE             0003-0003              1           2
                         1187-148F            309
                         1800-1FFF            800
        COMMON           007C-007D              2           1
        CONST            0003-0003              1           2
                         1187-148F            100
                         1800-1FFF            100
        EEDATA           2100-21FF            100           2
        ENTRY            0003-0003              1           2
                         1187-148F            100
                         1800-1FFF            100
        IDLOC            2000-2003              4           2
        RAM              006F-006F              1           1
                         00C9-00EF             27
                         0110-016F             60
                         0190-01EF             60
        SFR0             0000-001F             20           1
        SFR1             0080-009F             20           1
        SFR2             0100-010F             10           1
        SFR3             0180-018F             10           1
        STRCODE          0003-0003              1           2
                         1187-148F            309
                         1800-1FFF            800
        STRING           0003-0003              1           2
                         1187-148F            100
                         1800-1FFF            100

                                  Symbol Table

?__Umul8_16                      cstackCOMMON 0072
?___awdiv                        cstackCOMMON 0072
?___awmod                        cstackCOMMON 0072
?___fladd                        cstackBANK0  0020
?___flmul                        cstackBANK0  002A
?___flsub                        cstackBANK0  0044
?___fltol                        cstackBANK0  0044
?___wmul                         cstackCOMMON 0072
?___xxtofl                       cstackCOMMON 0072
_GIE                             (abs)        005F
_PEIE                            (abs)        005E
_PORTB                           (abs)        0006
_PORTD                           (abs)        0008
_PR2                             (abs)        0092
_RB0                             (abs)        0030
_RC1                             (abs)        0039
_RC2                             (abs)        003A
_RE1                             (abs)        0049
_RE2                             (abs)        004A
_T2CKPS0                         (abs)        0090
_T2CKPS1                         (abs)        0091
_TMR2IE                          (abs)        0461
_TMR2IF                          (abs)        0061
_TMR2ON                          (abs)        0092
_TOUTPS0                         (abs)        0093
_TOUTPS1                         (abs)        0094
_TOUTPS2                         (abs)        0095
_TOUTPS3                         (abs)        0096
_TRISB                           (abs)        0086
_TRISC1                          (abs)        0439
_TRISC2                          (abs)        043A
_TRISD                           (abs)        0088
_TRISE1                          (abs)        0449
_TRISE2                          (abs)        044A
__H__absolute__                  __absolute__ 0000
__Habs1                          abs1         0000
__Hbank0                         bank0        0000
__Hbank1                         bank1        0000
__Hbank2                         bank2        0000
__Hbank3                         bank3        0000
__HbssBANK0                      bssBANK0     0000
__HbssBANK1                      bssBANK1     0000
__HbssCOMMON                     bssCOMMON    0000
__Hcinit                         cinit        004E
__Hclrtext                       clrtext      0000
__Hcode                          code         0000
__Hcommon                        common       0000
__Hconfig                        config       2008
__HcstackBANK0                   cstackBANK0  0000
__HcstackBANK1                   cstackBANK1  0000
__HcstackCOMMON                  cstackCOMMON 0000
__HdataBANK0                     dataBANK0    0000
__HdataBANK1                     dataBANK1    0000
__HdataCOMMON                    dataCOMMON   0000
__Heeprom_data                   eeprom_data  0000
__Hend_init                      end_init     000F
__Hfunctab                       functab      0000
__Hheap                          heap         0000
__HidataBANK0                    idataBANK0   0000
__HidataBANK1                    idataBANK1   0000
__HidataCOMMON                   idataCOMMON  0000
__Hinit                          init         000C
__Hinittext                      inittext     0000
__Hintentry                      intentry     000C
__Hmaintext                      maintext     0000
__Hpowerup                       powerup      0000
__Hram                           ram          0000
__Hreset_vec                     reset_vec    0003
__Hsfr0                          sfr0         0000
__Hsfr1                          sfr1         0000
__Hsfr2                          sfr2         0000
__Hsfr3                          sfr3         0000
__Hsivt                          sivt         000C
__Hspace_0                       (abs)        1800
__Hspace_1                       (abs)        00C9
__Hspace_2                       (abs)        0000
__Hspace_3                       (abs)        0000
__Hspace_4                       (abs)        400F
__Hstack                         stack        0000
__Hstrings                       strings      0000
__Hstringtext                    stringtext   0000
__Htext                          text         0000
__L__absolute__                  __absolute__ 0000
__Labs1                          abs1         0000
__Lbank0                         bank0        0000
__Lbank1                         bank1        0000
__Lbank2                         bank2        0000
__Lbank3                         bank3        0000
__LbssBANK0                      bssBANK0     0000
__LbssBANK1                      bssBANK1     0000
__LbssCOMMON                     bssCOMMON    0000
__Lcinit                         cinit        000F
__Lclrtext                       clrtext      0000
__Lcode                          code         0000
__Lcommon                        common       0000
__Lconfig                        config       0000
__LcstackBANK0                   cstackBANK0  0000
__LcstackBANK1                   cstackBANK1  0000
__LcstackCOMMON                  cstackCOMMON 0000
__LdataBANK0                     dataBANK0    0000
__LdataBANK1                     dataBANK1    0000
__LdataCOMMON                    dataCOMMON   0000
__Leeprom_data                   eeprom_data  0000
__Lend_init                      end_init     000C
__Lfunctab                       functab      0000
__Lheap                          heap         0000
__LidataBANK0                    idataBANK0   0000
__LidataBANK1                    idataBANK1   0000
__LidataCOMMON                   idataCOMMON  0000
__Linit                          init         000C
__Linittext                      inittext     0000
__Lintentry                      intentry     0004
__Lmaintext                      maintext     0000
__Lpowerup                       powerup      0000
__Lram                           ram          0000
__Lreset_vec                     reset_vec    0000
__Lsfr0                          sfr0         0000
__Lsfr1                          sfr1         0000
__Lsfr2                          sfr2         0000
__Lsfr3                          sfr3         0000
__Lsivt                          sivt         000C
__Lspace_0                       (abs)        0000
__Lspace_1                       (abs)        0000
__Lspace_2                       (abs)        0000
__Lspace_3                       (abs)        0000
__Lspace_4                       (abs)        0000
__Lstack                         stack        0000
__Lstrings                       strings      0000
__Lstringtext                    stringtext   0000
__Ltext                          text         0000
__S0                             (abs)        1800
__S1                             (abs)        00C9
__S3                             (abs)        0000
__Umul8_16                       text13       1595
__Umul8_16@multiplicand          cstackCOMMON 0072
__Umul8_16@multiplier            cstackBANK0  0024
__Umul8_16@product               cstackBANK0  0020
__Umul8_16@word_mpld             cstackBANK0  0022
___awdiv                         text16       0800
___awdiv@counter                 cstackBANK0  0020
___awdiv@dividend                cstackCOMMON 0074
___awdiv@divisor                 cstackCOMMON 0072
___awdiv@quotient                cstackBANK0  0022
___awdiv@sign                    cstackBANK0  0021
___awmod                         text15       16CF
___awmod@counter                 cstackCOMMON 0076
___awmod@dividend                cstackCOMMON 0074
___awmod@divisor                 cstackCOMMON 0072
___awmod@sign                    cstackCOMMON 0077
___fladd                         text11       0DA8
___fladd@a                       cstackBANK0  0024
___fladd@aexp                    cstackCOMMON 0073
___fladd@b                       cstackBANK0  0020
___fladd@bexp                    cstackCOMMON 0074
___fladd@grs                     cstackCOMMON 0075
___fladd@signs                   cstackCOMMON 0072
___flge                          text14       08DB
___flge@ff1                      cstackBANK0  004C
___flge@ff2                      cstackBANK0  0050
___flmul                         text12       041D
___flmul@a                       cstackBANK0  002E
___flmul@aexp                    cstackBANK0  0038
___flmul@b                       cstackBANK0  002A
___flmul@bexp                    cstackBANK0  003D
___flmul@grs                     cstackBANK0  0039
___flmul@prod                    cstackBANK0  003E
___flmul@sign                    cstackBANK0  0037
___flmul@temp                    cstackBANK0  0042
___flsub                         text10       154C
___flsub@a                       cstackBANK0  0044
___flsub@b                       cstackBANK0  0048
___fltol                         text9        0865
___fltol@exp1                    cstackCOMMON 0077
___fltol@f1                      cstackBANK0  0044
___fltol@sign1                   cstackCOMMON 0076
___heap_hi                       (abs)        0000
___heap_lo                       (abs)        0000
___int_sp                        stack        0000
___int_stack_hi                  stack        0000
___int_stack_lo                  stack        0000
___latbits                       (abs)        0002
___sp                            stack        0000
___stack_hi                      stack        0000
___stack_lo                      stack        0000
___stackhi                       (abs)        0000
___stacklo                       (abs)        0000
___wmul                          text8        1570
___wmul@multiplicand             cstackCOMMON 0074
___wmul@multiplier               cstackCOMMON 0072
___wmul@product                  cstackCOMMON 0076
___xxtofl                        text7        097F
___xxtofl@arg                    cstackBANK0  0026
___xxtofl@exp                    cstackBANK0  0025
___xxtofl@sign                   cstackBANK0  0024
___xxtofl@val                    cstackCOMMON 0072
__end_of__Umul8_16               text13       15BE
__end_of___awdiv                 text16       0865
__end_of___awmod                 text15       1726
__end_of___fladd                 text11       1000
__end_of___flge                  text14       097F
__end_of___flmul                 text12       075F
__end_of___flsub                 text10       1570
__end_of___fltol                 text9        08DB
__end_of___wmul                  text8        1595
__end_of___xxtofl                text7        0A35
__end_of__initialization         cinit        004A
__end_of__stringtab              strings      1187
__end_of_clcd_print              text20       15F1
__end_of_clcd_putch              text19       14F0
__end_of_clcd_write              text26       152A
__end_of_clear_screen            text6        14B4
__end_of_door_status_check       text5        1791
__end_of_init_clcd               text24       14A3
__end_of_init_config             text21       150A
__end_of_init_digital_keypad     text23       1498
__end_of_init_display_controller text25       16CF
__end_of_init_timer2             text22       14DB
__end_of_isr                     text27       1628
__end_of_main                    maintext     0C60
__end_of_power_on_screen         text18       1800
__end_of_read_digital_keypad     text17       1678
__end_of_run_program             text4        041D
__end_of_set_time                text3        0DA8
__end_of_washing_program_display text2        0B38
__end_of_water_level_screen      text1        07FE
__initialization                 cinit        000F
__pbssBANK0                      bssBANK0     005F
__pbssBANK1                      bssBANK1     00C7
__pbssCOMMON                     bssCOMMON    007B
__pcstackBANK0                   cstackBANK0  0020
__pcstackBANK1                   cstackBANK1  00C2
__pcstackCOMMON                  cstackCOMMON 0070
__pdataBANK0                     dataBANK0    006D
__pdataBANK1                     dataBANK1    00A0
__pdataCOMMON                    dataCOMMON   0079
__pidataBANK0                    idataBANK0   1490
__pidataBANK1                    idataBANK1   152A
__pidataCOMMON                   idataCOMMON  07FE
__pintentry                      intentry     0004
__pmaintext                      maintext     0B38
__pstrings                       strings      1175
__pstringtext                    stringtext   1000
__ptext1                         text1        075F
__ptext10                        text10       154C
__ptext11                        text11       0DA8
__ptext12                        text12       041D
__ptext13                        text13       1595
__ptext14                        text14       08DB
__ptext15                        text15       16CF
__ptext16                        text16       0800
__ptext17                        text17       1628
__ptext18                        text18       1791
__ptext19                        text19       14DB
__ptext2                         text2        0A35
__ptext20                        text20       15BE
__ptext21                        text21       14F0
__ptext22                        text22       14C7
__ptext23                        text23       1492
__ptext24                        text24       1498
__ptext25                        text25       1678
__ptext26                        text26       150A
__ptext27                        text27       15F1
__ptext3                         text3        0C60
__ptext4                         text4        004E
__ptext5                         text5        1726
__ptext6                         text6        14A3
__ptext7                         text7        097F
__ptext8                         text8        1570
__ptext9                         text9        0865
__stringbase                     strings      1187
__stringtab                      strings      1175
_clcd_print                      text20       15BE
_clcd_putch                      text19       14DB
_clcd_write                      text26       150A
_clear_screen                    text6        14A3
_count                           bssBANK0     0067
_door_status_check               text5        1726
_init_clcd                       text24       1498
_init_config                     text21       14F0
_init_digital_keypad             text23       1492
_init_display_controller         text25       1678
_init_timer2                     text22       14C7
_isr                             text27       15F1
_level                           bssBANK0     0069
_main                            maintext     0B38
_min                             bssBANK0     006B
_operational_mode                dataBANK0    006E
_power_on_screen                 text18       1791
_program_no                      bssBANK0     006A
_read_digital_keypad             text17       1628
_reset_flag                      dataBANK0    006D
_rinse_time                      bssBANK1     00C7
_run_program                     text4        004E
_sec                             bssBANK0     006C
_set_time                        text3        0C60
_spin_time                       bssBANK0     0061
_time                            bssBANK0     005F
_total_time                      bssBANK0     0065
_wash_time                       bssBANK0     0063
_washing_program                 dataBANK1    00A0
_washing_program_display         text2        0A35
_water_level                     dataBANK1    00B8
_water_level_screen              text1        075F
btemp                            (abs)        007E
clcd_print@addr                  cstackBANK0  0022
clcd_print@str                   cstackBANK0  0020
clcd_putch@addr                  cstackCOMMON 0078
clcd_putch@data                  cstackBANK0  0024
clcd_write@byte                  cstackCOMMON 0075
clcd_write@mode                  cstackCOMMON 0072
end_of_initialization            cinit        004A
init_fetch0                      inittext     14B4
init_ram0                        inittext     14B8
interrupt_function               intentry     0004
intlevel0                        functab      0000
intlevel1                        functab      0000
intlevel2                        functab      0000
intlevel3                        functab      0000
intlevel4                        functab      0000
intlevel5                        functab      0000
main@delay                       cstackBANK1  00C2
main@delay_93                    cstackBANK1  00C4
main@key                         cstackBANK1  00C6
power_on_screen@i                cstackBANK0  0028
power_on_screen@i_201            cstackBANK0  0029
read_digital_keypad@key          cstackCOMMON 0072
read_digital_keypad@long_press   dataCOMMON   0079
read_digital_keypad@once         dataCOMMON   007A
read_digital_keypad@pre_key      bssCOMMON    007B
reset_vec                        reset_vec    0000
run_program@key                  cstackBANK0  005E
saved_w                          (abs)        007E
start                            init         000C
start_initialization             cinit        000F
washing_program_display@key      cstackBANK0  0027
water_level_screen@key           cstackBANK0  0027
wtemp0                           (abs)        007E


MODULE INFORMATION

Module		Function		Class		Link	Load	Size
/Applications/microchip/xc8/v3.00/pic/sources/c99/common/flge.c
		___flge        		CODE           	08DB	0000	164

/Applications/microchip/xc8/v3.00/pic/sources/c99/common/flge.c estimated size: 164

timers.c
		_init_timer2   		CODE           	14C7	0000	20

timers.c estimated size: 20

digital_keypad.c
		_init_digital_keypad		CODE           	1492	0000	6
		_read_digital_keypad		CODE           	1628	0000	80

digital_keypad.c estimated size: 86

/Applications/microchip/xc8/v3.00/pic/sources/c99/common/Umul16.c
		___wmul        		CODE           	1570	0000	37

/Applications/microchip/xc8/v3.00/pic/sources/c99/common/Umul16.c estimated size: 37

/Applications/microchip/xc8/v3.00/pic/sources/c99/common/sprcmul.c
		___flmul       		CODE           	041D	0000	834

/Applications/microchip/xc8/v3.00/pic/sources/c99/common/sprcmul.c estimated size: 834

/Applications/microchip/xc8/v3.00/pic/sources/c99/common/awmod.c
		___awmod       		CODE           	16CF	0000	87

/Applications/microchip/xc8/v3.00/pic/sources/c99/common/awmod.c estimated size: 87

/Applications/microchip/xc8/v3.00/pic/sources/c99/common/fltol.c
		___fltol       		CODE           	0865	0000	118

/Applications/microchip/xc8/v3.00/pic/sources/c99/common/fltol.c estimated size: 118

washing_machine_function_def.c
		_door_status_check		CODE           	1726	0000	107
		_washing_program_display		CODE           	0A35	0000	259
		_water_level_screen		CODE           	075F	0000	159
		_run_program   		CODE           	004E	0000	975
		_clear_screen  		CODE           	14A3	0000	17
		_power_on_screen		CODE           	1791	0000	111
		_set_time      		CODE           	0C60	0000	328

washing_machine_function_def.c estimated size: 1956

/Applications/microchip/xc8/v3.00/pic/sources/c99/common/xxtofl.c
		___xxtofl      		CODE           	097F	0000	182

/Applications/microchip/xc8/v3.00/pic/sources/c99/common/xxtofl.c estimated size: 182

isr.c
		_isr           		CODE           	15F1	0000	55

isr.c estimated size: 55

shared
		__stringtab    		STRING         	1175	0000	18
		__initialization		CODE           	000F	0000	59

shared estimated size: 77

/Applications/microchip/xc8/v3.00/pic/sources/c99/common/sprcadd.c
		___flsub       		CODE           	154C	0000	36
		___fladd       		CODE           	0DA8	0000	600

/Applications/microchip/xc8/v3.00/pic/sources/c99/common/sprcadd.c estimated size: 636

clcd.c
		_clcd_write    		CODE           	150A	0000	32
		_clcd_print    		CODE           	15BE	0000	51
		_clcd_putch    		CODE           	14DB	0000	21
		_init_display_controller		CODE           	1678	0000	87
		_init_clcd     		CODE           	1498	0000	11

clcd.c estimated size: 202

/Applications/microchip/xc8/v3.00/pic/sources/c99/common/awdiv.c
		___awdiv       		CODE           	0800	0000	101

/Applications/microchip/xc8/v3.00/pic/sources/c99/common/awdiv.c estimated size: 101

main.c
		_main          		CODE           	0B38	0000	296
		_init_config   		CODE           	14F0	0000	26

main.c estimated size: 322

/Applications/microchip/xc8/v3.00/pic/sources/c99/common/Umul8_16.c
		__Umul8_16     		CODE           	1595	0000	41

/Applications/microchip/xc8/v3.00/pic/sources/c99/common/Umul8_16.c estimated size: 41

